MPLINK 5.09, LINKER
Linker Map File - Created Fri Aug 28 12:12:27 2026

                                 Section Info
                  Section       Type    Address   Location Size(Bytes)
                ---------  ---------  ---------  ---------  ---------
                   .org_0       code   0x000000    program   0x000002
                   .cinit    romdata   0x000001    program   0x000004
                   .org_1       code   0x000005    program   0x000052
.config_2007_BUILD/DEFAULT/PRODUCTION/CONTADO       code   0x002007    program   0x000002
.config_2008_BUILD/DEFAULT/PRODUCTION/CONTADO       code   0x002008    program   0x000002



                              Program Memory Usage 
                               Start         End      
                           ---------   ---------      
                            0x000000    0x000002      
                            0x000005    0x00002d      
                            0x002007    0x002008      
            46 out of 8455 program addresses used, program memory utilization is 0%



                              Symbols - Sorted by Name
                     Name    Address   Location    Storage File                     
                ---------  ---------  ---------  --------- ---------                
                       D1   0x000027    program     static C:\Users\IgnaR\Desktop\Facu\ED2\Proyectos\TP0\Conteo_Secuencia.X\Contador_Secuencia.asm
                       D2   0x000029    program     static C:\Users\IgnaR\Desktop\Facu\ED2\Proyectos\TP0\Conteo_Secuencia.X\Contador_Secuencia.asm
                    DELAY   0x000025    program     static C:\Users\IgnaR\Desktop\Facu\ED2\Proyectos\TP0\Conteo_Secuencia.X\Contador_Secuencia.asm
                   INICIO   0x000005    program     static C:\Users\IgnaR\Desktop\Facu\ED2\Proyectos\TP0\Conteo_Secuencia.X\Contador_Secuencia.asm
             MODO_BARRIDO   0x000018    program     static C:\Users\IgnaR\Desktop\Facu\ED2\Proyectos\TP0\Conteo_Secuencia.X\Contador_Secuencia.asm
            MODO_CONTADOR   0x000013    program     static C:\Users\IgnaR\Desktop\Facu\ED2\Proyectos\TP0\Conteo_Secuencia.X\Contador_Secuencia.asm
                PRINCIPAL   0x00000e    program     static C:\Users\IgnaR\Desktop\Facu\ED2\Proyectos\TP0\Conteo_Secuencia.X\Contador_Secuencia.asm
        REINICIAR_BARRIDO   0x000022    program     static C:\Users\IgnaR\Desktop\Facu\ED2\Proyectos\TP0\Conteo_Secuencia.X\Contador_Secuencia.asm
         SELECCIONAR_MODO   0x000010    program     static C:\Users\IgnaR\Desktop\Facu\ED2\Proyectos\TP0\Conteo_Secuencia.X\Contador_Secuencia.asm



                              Symbols - Sorted by Address
                     Name    Address   Location    Storage File                     
                ---------  ---------  ---------  --------- ---------                
                   INICIO   0x000005    program     static C:\Users\IgnaR\Desktop\Facu\ED2\Proyectos\TP0\Conteo_Secuencia.X\Contador_Secuencia.asm
                PRINCIPAL   0x00000e    program     static C:\Users\IgnaR\Desktop\Facu\ED2\Proyectos\TP0\Conteo_Secuencia.X\Contador_Secuencia.asm
         SELECCIONAR_MODO   0x000010    program     static C:\Users\IgnaR\Desktop\Facu\ED2\Proyectos\TP0\Conteo_Secuencia.X\Contador_Secuencia.asm
            MODO_CONTADOR   0x000013    program     static C:\Users\IgnaR\Desktop\Facu\ED2\Proyectos\TP0\Conteo_Secuencia.X\Contador_Secuencia.asm
             MODO_BARRIDO   0x000018    program     static C:\Users\IgnaR\Desktop\Facu\ED2\Proyectos\TP0\Conteo_Secuencia.X\Contador_Secuencia.asm
        REINICIAR_BARRIDO   0x000022    program     static C:\Users\IgnaR\Desktop\Facu\ED2\Proyectos\TP0\Conteo_Secuencia.X\Contador_Secuencia.asm
                    DELAY   0x000025    program     static C:\Users\IgnaR\Desktop\Facu\ED2\Proyectos\TP0\Conteo_Secuencia.X\Contador_Secuencia.asm
                       D1   0x000027    program     static C:\Users\IgnaR\Desktop\Facu\ED2\Proyectos\TP0\Conteo_Secuencia.X\Contador_Secuencia.asm
                       D2   0x000029    program     static C:\Users\IgnaR\Desktop\Facu\ED2\Proyectos\TP0\Conteo_Secuencia.X\Contador_Secuencia.asm


